2024-10-25 22:08:52,576 INFO: Application Startup [in C:\Users\Ashraf\Downloads\ITEC 492 - MedBot - NL\medbot\app.py:57]
2024-10-25 22:08:53,957 INFO: Application Startup [in C:\Users\Ashraf\Downloads\ITEC 492 - MedBot - NL\medbot\app.py:57]
2024-10-25 22:09:19,425 ERROR: Error in upload_file: Could not build url for endpoint 'selection_page'. Did you mean 'static' instead? [in C:\Users\Ashraf\Downloads\ITEC 492 - MedBot - NL\medbot\app.py:106]
2024-10-25 22:09:26,592 ERROR: Error in upload_file: Could not build url for endpoint 'selection_page'. Did you mean 'static' instead? [in C:\Users\Ashraf\Downloads\ITEC 492 - MedBot - NL\medbot\app.py:106]
2024-10-25 22:09:27,252 ERROR: Error in upload_file: Could not build url for endpoint 'selection_page'. Did you mean 'static' instead? [in C:\Users\Ashraf\Downloads\ITEC 492 - MedBot - NL\medbot\app.py:106]
2024-10-25 22:10:21,711 ERROR: Error in upload_file: Could not build url for endpoint 'selection_page'. Did you mean 'static' instead? [in C:\Users\Ashraf\Downloads\ITEC 492 - MedBot - NL\medbot\app.py:106]
2024-10-25 22:10:30,589 ERROR: Error in upload_file: Could not build url for endpoint 'selection_page'. Did you mean 'static' instead? [in C:\Users\Ashraf\Downloads\ITEC 492 - MedBot - NL\medbot\app.py:106]
2024-10-25 22:11:40,361 ERROR: Error in upload_file: Could not build url for endpoint 'selection_page'. Did you mean 'static' instead? [in C:\Users\Ashraf\Downloads\ITEC 492 - MedBot - NL\medbot\app.py:106]
2024-10-25 22:13:24,537 ERROR: Error in upload_file: Could not build url for endpoint 'selection_page'. Did you mean 'static' instead? [in C:\Users\Ashraf\Downloads\ITEC 492 - MedBot - NL\medbot\app.py:106]
2024-10-25 22:14:00,898 ERROR: Error in upload_file: Could not build url for endpoint 'selection_page'. Did you mean 'static' instead? [in C:\Users\Ashraf\Downloads\ITEC 492 - MedBot - NL\medbot\app.py:106]
2024-10-25 22:14:01,495 ERROR: Error in upload_file: Could not build url for endpoint 'selection_page'. Did you mean 'static' instead? [in C:\Users\Ashraf\Downloads\ITEC 492 - MedBot - NL\medbot\app.py:106]
2024-10-25 22:14:12,126 ERROR: Error in upload_file: Could not build url for endpoint 'selection_page'. Did you mean 'static' instead? [in C:\Users\Ashraf\Downloads\ITEC 492 - MedBot - NL\medbot\app.py:106]
2024-10-26 17:08:10,704 INFO: Application Startup [in C:\Users\Ashraf\Downloads\ITEC 492 - MedBot - NL\medbot\app.py:57]
2024-10-26 17:08:11,495 INFO: Application Startup [in C:\Users\Ashraf\Downloads\ITEC 492 - MedBot - NL\medbot\app.py:57]
2024-10-26 17:08:24,777 INFO: Application Startup [in C:\Users\Ashraf\Downloads\ITEC 492 - MedBot - NL\medbot\app.py:57]
2024-10-26 17:08:25,590 INFO: Application Startup [in C:\Users\Ashraf\Downloads\ITEC 492 - MedBot - NL\medbot\app.py:57]
2024-10-26 17:08:25,667 ERROR: Error in upload_file: Could not build url for endpoint 'selection_page'. Did you mean 'static' instead? [in C:\Users\Ashraf\Downloads\ITEC 492 - MedBot - NL\medbot\app.py:106]
2024-10-26 17:08:26,947 ERROR: Error in upload_file: Could not build url for endpoint 'selection_page'. Did you mean 'static' instead? [in C:\Users\Ashraf\Downloads\ITEC 492 - MedBot - NL\medbot\app.py:106]
2024-10-26 17:30:14,796 INFO: Application Startup [in c:\VSCodeProjects\MedNote_Base\medbot2\app.py:57]
2024-10-26 17:30:15,907 INFO: Application Startup [in c:\VSCodeProjects\MedNote_Base\medbot2\app.py:57]
2024-10-26 17:30:19,183 ERROR: Error in upload_file: Could not build url for endpoint 'selection_page'. Did you mean 'static' instead? [in c:\VSCodeProjects\MedNote_Base\medbot2\app.py:106]
2024-10-26 17:32:29,220 ERROR: Error in upload_file: Could not build url for endpoint 'selection_page'. Did you mean 'static' instead? [in c:\VSCodeProjects\MedNote_Base\medbot2\app.py:106]
2024-10-26 17:33:12,542 ERROR: Error in upload_file: Could not build url for endpoint 'selectionpage'. Did you mean 'static' instead? [in c:\VSCodeProjects\MedNote_Base\medbot2\app.py:106]
2024-10-26 17:41:10,623 INFO: Application Startup [in c:\VSCodeProjects\MedNote_Base\medbot2\app.py:57]
2024-10-26 17:41:26,140 INFO: Application Startup [in c:\VSCodeProjects\MedNote_Base\medbot2\app.py:57]
2024-10-26 17:41:42,660 INFO: Application Startup [in c:\VSCodeProjects\MedNote_Base\medbot2\app.py:57]
2024-10-26 17:42:17,816 INFO: Application Startup [in c:\VSCodeProjects\MedNote_Base\medbot2\app.py:58]
2024-10-26 17:42:22,156 ERROR: Unhandled Exception: name 'chain' is not defined [in c:\VSCodeProjects\MedNote_Base\medbot2\app.py:46]
2024-10-26 17:42:22,918 ERROR: Unhandled Exception: name 'chain' is not defined [in c:\VSCodeProjects\MedNote_Base\medbot2\app.py:46]
2024-10-26 17:43:32,199 INFO: Application Startup [in c:\VSCodeProjects\MedNote_Base\medbot2\app.py:58]
2024-10-26 17:43:36,064 ERROR: Unhandled Exception: "Input to ChatPromptTemplate is missing variables {'keywords'}.  Expected: ['context', 'keywords', 'question'] Received: ['context', 'question']" [in c:\VSCodeProjects\MedNote_Base\medbot2\app.py:46]
2024-10-26 17:45:54,364 INFO: Application Startup [in c:\VSCodeProjects\MedNote_Base\medbot2\app.py:60]
2024-10-26 17:45:57,240 ERROR: Unhandled Exception: "Input to ChatPromptTemplate is missing variables {'keywords'}.  Expected: ['context', 'keywords', 'question'] Received: ['context', 'question']" [in c:\VSCodeProjects\MedNote_Base\medbot2\app.py:48]
2024-10-26 17:46:29,445 INFO: Application Startup [in c:\VSCodeProjects\MedNote_Base\medbot2\app.py:60]
2024-10-26 17:47:18,250 INFO: Application Startup [in c:\VSCodeProjects\MedNote_Base\medbot2\app.py:58]
2024-10-26 17:47:19,347 INFO: Application Startup [in c:\VSCodeProjects\MedNote_Base\medbot2\app.py:58]
2024-10-26 17:47:25,529 ERROR: Unhandled Exception: "Input to ChatPromptTemplate is missing variables {'keywords'}.  Expected: ['context', 'keywords', 'question'] Received: ['context', 'question']" [in c:\VSCodeProjects\MedNote_Base\medbot2\app.py:46]
2024-10-26 17:48:48,057 INFO: Application Startup [in c:\VSCodeProjects\MedNote_Base\medbot2\app.py:58]
2024-10-26 17:50:43,926 INFO: Application Startup [in c:\VSCodeProjects\MedNote_Base\medbot2\app.py:58]
2024-10-26 17:51:50,324 INFO: Application Startup [in c:\VSCodeProjects\MedNote_Base\medbot2\app.py:58]
2024-10-26 18:02:38,465 INFO: Application Startup [in c:\VSCodeProjects\MedNote_Base\medbot2\app.py:58]
2024-10-26 18:06:31,039 INFO: Application Startup [in c:\VSCodeProjects\MedNote_Base\medbot2\app.py:58]
2024-10-26 18:07:48,416 INFO: Application Startup [in c:\VSCodeProjects\MedNote_Base\medbot2\app.py:58]
2024-10-26 18:09:12,026 INFO: Application Startup [in c:\VSCodeProjects\MedNote_Base\medbot2\app.py:58]
2024-10-26 18:13:56,376 INFO: Application Startup [in c:\VSCodeProjects\MedNote_Base\medbot2\app.py:58]
2024-10-26 18:14:01,806 INFO: Application Startup [in c:\VSCodeProjects\MedNote_Base\medbot2\app.py:58]
